一、核心实体类型
防护装备类

实体：安全帽（需区分子类：枝条编织帽/塑料纸胶帽/玻璃钢橡胶帽）

关键属性：

产品类型（分类层级）

适用场景（风电塔筒/光伏电站等）

防护等级（抗冲击等级）

材质类型类

实体：植物枝条/塑料/玻璃钢（维纶钢）

属性：

材料耐久性

耐候性指标

适用环境温度范围

时间周期类

实体：生产日期/有效期/检测周期

属性：

时间编码规则（如帽檐注塑的00-99年标识）

时间计算规则（制造完成日+年限）

标准规范类

实体：GB 2811-2019《头部防护 安全帽》

属性：

标准条款编号

强制检测要求

报废判定条件

二、运维关联实体
检测流程类

实体：定期检测/突击检测

属性：

检测方法（目视检查/冲击试验）

检测设备（冲击测试仪等）

检测结果处理流程

生产信息类

实体：帽檐注塑标识

属性：

模具编码规则

生产工艺参数

可追溯性标识

安全警示类

实体：超期服役警告/破损警告

属性：

风险等级（高风险/中风险）

应急处置措施

事故案例关联

三、关系构建建议
装备-标准关系：安全帽「必须符合」→ 国家标准

材质-寿命关系：玻璃钢材质「允许最长使用」→ 3.5年

检测-维护关系：月度检测「触发」→ 维护工单

标识-溯源关系：帽檐注塑「记录」→ 生产批次